{"tids_count": "10", "show_numt_count": "10", "request_count": "10", "detail_info": ["1\tTrue\tTrue\t\u4e0a\u8863\t0.000000\t0.000000\t442873\t442873\t100\t100\tboom\n", "1\tTrue\tTrue\t\u6bdb\u8863\t0.000000\t0.000000\t71538\t71538\t100\t100\tweight\n", "1\tTrue\tTrue\t\u5957\u88c5\t0.000000\t0.000000\t43090\t43090\t100\t100\tboom\n", "1\tTrue\tTrue\t\u5916\u5957\t0.000000\t0.000000\t117329\t117329\t100\t100\tid\n", "1\tTrue\tTrue\t\u7cbe\u81f4\u5957\u88c5\t0.000000\t0.000000\t9295\t9295\t100\t100\tboom\n", "1\tTrue\tTrue\t\u978b\u5b50\t0.000000\t0.000000\t168956\t168956\t100\t100\tid\n", "1\tTrue\tTrue\t\u68c9\u8863\t0.000000\t0.000000\t21573\t21573\t100\t100\tweight\n", "1\tTrue\tTrue\t\u7fbd\u7ed2\u670d\t0.000000\t0.000000\t16660\t16660\t100\t100\tid\n", "1\tTrue\tTrue\t\u5927\u8863\t0.000000\t0.000000\t31492\t31492\t100\t100\tid\n", "1\tTrue\tTrue\t\u77ed\u9774\t0.000000\t0.000000\t74542\t74542\t100\t100\tweight\n"]}